C:\Users\TopC290\Documents\송수진\git\work\my-port>git init
Initialized empty Git repository in C:/Users/TopC290/Documents/송수진/git/work/my-port/.git/

C:\Users\TopC290\Documents\송수진\git\work\my-port>git add .

C:\Users\TopC290\Documents\송수진\git\work\my-port>git commit -m "#1"
[master (root-commit) a713bad] #1
 2 files changed, 31 insertions(+)
 create mode 100644 README.md
 create mode 100644 index.html

C:\Users\TopC290\Documents\송수진\git\work\my-port>git remote add origin https://github.com/SongSoojin/SongSoojin.github.io.git

C:\Users\TopC290\Documents\송수진\git\work\my-port>git push -u origin master
Enumerating objects: 4, done.
Counting objects: 100% (4/4), done.
Delta compression using up to 8 threads.
Compressing objects: 100% (3/3), done.
Writing objects: 100% (4/4), 9.73 KiB | 4.87 MiB/s, done.
Total 4 (delta 0), reused 0 (delta 0)
To https://github.com/SongSoojin/SongSoojin.github.io.git
 * [new branch]      master -> master
Branch 'master' set up to track remote branch 'master' from 'origin'.


C:\Users\TopC290\Documents\송수진\git\work\my-page>git add .
warning: LF will be replaced by CRLF in gogodan/bootstrap.css.
The file will have its original line endings in your working directory.

C:\Users\TopC290\Documents\송수진\git\work\my-page>git status
On branch master
Your branch is up to date with 'origin/master'.

Changes to be committed:
  (use "git reset HEAD <file>..." to unstage)

        new file:   gogodan/Gugudan.js
        new file:   gogodan/bootstrap.css
        new file:   gogodan/gogodan.html
        modified:   index.html


C:\Users\TopC290\Documents\송수진\git\work\my-page>git commit -m"add example"
[master cebf743] add example
 4 files changed, 9054 insertions(+), 4 deletions(-)
 create mode 100644 gogodan/Gugudan.js
 create mode 100644 gogodan/bootstrap.css
 create mode 100644 gogodan/gogodan.html

C:\Users\TopC290\Documents\송수진\git\work\my-page>git push
Enumerating objects: 9, done.
Counting objects: 100% (9/9), done.
Delta compression using up to 8 threads.
Compressing objects: 100% (7/7), done.
Writing objects: 100% (7/7), 23.81 KiB | 3.40 MiB/s, done.
Total 7 (delta 1), reused 0 (delta 0)
remote: Resolving deltas: 100% (1/1), completed with 1 local object.
To https://github.com/SongSoojin/SongSoojin.github.io.git
   9d9b785..cebf743  master -> master





